// Vitest Snapshot v1, https://vitest.dev/guide/snapshot.html

exports[`NavBarSearch component > should match the snapshot 1`] = `"<div class="absolute w-72"></div>"`;
