// Vitest Snapshot v1, https://vitest.dev/guide/snapshot.html

exports[`PlayersList component > should match the snapshot 1`] = `
<div>
  <div
    class="LoadingSpinner"
    data-testid="loading-spinner"
  >
    Loading ...
  </div>
</div>
`;
